<?xml version="1.0" encoding="utf-8"?><testsuites name="pytest tests"><testsuite name="pytest" errors="0" failures="0" skipped="0" tests="173" time="86.448" timestamp="2026-09-01T13:50:01.363188+00:00" hostname="runnervmgx7h7"><testcase classname="test.test_detect_language" name="test_detect_language_from_str[en-The quick brown fox jumps over the lazy dog-HIGH-0.9]" time="3.292" /><testcase classname="test.test_detect_language" name="test_detect_language_from_str[es-El r\xe1pido zorro marr\xf3n salta sobre el perro perezoso-HIGH-0.9]" time="0.004" /><testcase classname="test.test_detect_language" name="test_detect_language_from_str[de-Der schnelle braune Fuchs springt \xfcber den faulen Hund-HIGH-0.9]" time="0.003" /><testcase classname="test.test_detect_language" name="test_detect_language_from_str_compare_with_tika_server[en-The quick brown fox jumps over the lazy dog-HIGH-0.9]" time="14.954" /><testcase classname="test.test_detect_language" name="test_detect_language_from_str_compare_with_tika_server[es-El r\xe1pido zorro marr\xf3n salta sobre el perro perezoso-HIGH-0.9]" time="0.020" /><testcase classname="test.test_detect_language" name="test_detect_language_from_str_compare_with_tika_server[de-Der schnelle braune Fuchs springt \xfcber den faulen Hund-HIGH-0.9]" time="0.013" /><testcase classname="test.test_detect_mime_type.TestDetectMimeType" name="test_detect_mime_type_path[txt-plain.txt-Hello world-text/plain]" time="0.994" /><testcase classname="test.test_detect_mime_type.TestDetectMimeType" name="test_detect_mime_type_path[html-page.html-&lt;html&gt;&lt;body&gt;Hello&lt;/body&gt;&lt;/html&gt;-text/html]" time="0.013" /><testcase classname="test.test_detect_mime_type.TestDetectMimeType" name="test_detect_mime_type_path[xml-config.xml-&lt;?xml version='1.0'?&gt;&lt;root&gt;&lt;/root&gt;-application/xml]" time="0.013" /><testcase classname="test.test_detect_mime_type.TestDetectMimeType" name="test_detect_mime_type_str[txt-plain.txt-Hello world-text/plain]" time="0.013" /><testcase classname="test.test_detect_mime_type.TestDetectMimeType" name="test_detect_mime_type_str[html-page.html-&lt;html&gt;&lt;body&gt;Hello&lt;/body&gt;&lt;/html&gt;-text/html]" time="0.010" /><testcase classname="test.test_detect_mime_type.TestDetectMimeType" name="test_detect_mime_type_str[xml-config.xml-&lt;?xml version='1.0'?&gt;&lt;root&gt;&lt;/root&gt;-application/xml]" time="0.012" /><testcase classname="test.test_detect_mime_type.TestDetectMimeType" name="test_detect_mime_type_bytes[Hello world-text/plain]" time="0.009" /><testcase classname="test.test_detect_mime_type.TestDetectMimeType" name="test_detect_mime_type_bytes[&lt;html&gt;&lt;body&gt;Hello&lt;/body&gt;&lt;/html&gt;-text/html]" time="0.004" /><testcase classname="test.test_detect_mime_type.TestDetectMimeType" name="test_detect_mime_type_bytes[&lt;?xml version='1.0'?&gt;&lt;root&gt;&lt;/root&gt;-application/xml]" time="0.005" /><testcase classname="test.test_detect_mime_type.TestDetectMimeType" name="test_detect_mime_type_binary_io[Hello world-text/plain]" time="0.008" /><testcase classname="test.test_detect_mime_type.TestDetectMimeType" name="test_detect_mime_type_binary_io[&lt;html&gt;&lt;body&gt;Hello&lt;/body&gt;&lt;/html&gt;-text/html]" time="0.004" /><testcase classname="test.test_detect_mime_type.TestDetectMimeType" name="test_detect_mime_type_binary_io[&lt;?xml version='1.0'?&gt;&lt;root&gt;&lt;/root&gt;-application/xml]" time="0.005" /><testcase classname="test.test_detect_mime_type.TestDetectMimeType" name="test_detect_mime_type_invalid_type" time="0.002" /><testcase classname="test.test_detect_mime_type.TestDetectMimeType" name="test_detect_mime_type_nonexistent_file" time="0.001" /><testcase classname="test.test_detect_mime_type.TestDetectMimeType" name="test_detect_mime_type_compare_with_tika_server[txt-plain.txt-Hello world-text/plain]" time="0.142" /><testcase classname="test.test_detect_mime_type.TestDetectMimeType" name="test_detect_mime_type_compare_with_tika_server[html-page.html-&lt;html&gt;&lt;body&gt;Hello&lt;/body&gt;&lt;/html&gt;-text/html]" time="0.018" /><testcase classname="test.test_detect_mime_type.TestDetectMimeType" name="test_detect_mime_type_compare_with_tika_server[xml-config.xml-&lt;?xml version='1.0'?&gt;&lt;root&gt;&lt;/root&gt;-application/xml]" time="0.023" /><testcase classname="test.test_java_util" name="test_jvm_classpath" time="0.002" /><testcase classname="test.test_java_util.TestJavaReaderWrapper" name="test_read_all_at_once" time="0.007" /><testcase classname="test.test_java_util.TestJavaReaderWrapper" name="test_read_in_chunks" time="0.002" /><testcase classname="test.test_java_util.TestJavaReaderWrapper" name="test_read_empty" time="0.001" /><testcase classname="test.test_java_util.TestJavaReaderWrapper" name="test_read_unicode" time="0.002" /><testcase classname="test.test_java_util.TestJavaReaderWrapper" name="test_read_zero_bytes" time="0.001" /><testcase classname="test.test_java_util.TestJavaReaderWrapper" name="test_multiple_reads" time="0.001" /><testcase classname="test.test_java_util.TestJavaReaderWrapper" name="test_large_data" time="0.003" /><testcase classname="test.test_java_util.TestJavaReaderWrapper" name="test_read_past_eof" time="0.001" /><testcase classname="test.test_java_util.TestJavaReaderWrapper" name="test_small_buffer_size" time="0.002" /><testcase classname="test.test_java_util.TestJavaReaderWrapper" name="test_reader_close" time="0.002" /><testcase classname="test.test_java_util.TestJavaReaderWrapper" name="test_contextmanager_close" time="0.001" /><testcase classname="test.test_java_util.TestJavaReaderWrapper" name="test_readline" time="0.001" /><testcase classname="test.test_java_util.TestJavaReaderWrapper" name="test_readlines" time="0.001" /><testcase classname="test.test_java_util.TestReadToString" name="test_read_to_string_basic" time="0.002" /><testcase classname="test.test_java_util.TestReadToString" name="test_read_to_string_empty" time="0.001" /><testcase classname="test.test_java_util.TestReadToString" name="test_read_to_string_unicode" time="0.001" /><testcase classname="test.test_java_util.TestReadToString" name="test_read_to_string_large_data" time="0.002" /><testcase classname="test.test_java_util.TestReadToString" name="test_read_to_string_multiline" time="0.001" /><testcase classname="test.test_java_util.TestStreamToFile" name="test_stream_to_file_basic" time="0.002" /><testcase classname="test.test_java_util.TestStreamToFile" name="test_stream_to_file_empty" time="0.001" /><testcase classname="test.test_java_util.TestStreamToFile" name="test_stream_to_file_unicode" time="0.001" /><testcase classname="test.test_java_util.TestStreamToFile" name="test_stream_to_file_large_data" time="0.003" /><testcase classname="test.test_java_util.TestStreamToFile" name="test_stream_to_file_overwrites_existing" time="0.002" /><testcase classname="test.test_java_util.TestStreamToFile" name="test_stream_to_file_invalid_path" time="0.001" /><testcase classname="test.test_java_util.TestPipeToStream" name="test_pipe_to_basic" time="0.001" /><testcase classname="test.test_java_util.TestPipeToStream" name="test_pipe_to_read_chunks" time="0.001" /><testcase classname="test.test_java_util.TestPipeToStream" name="test_pipe_to_empty" time="0.001" /><testcase classname="test.test_java_util.TestPipeToStream" name="test_pipe_to_unicode" time="0.001" /><testcase classname="test.test_java_util.TestPipeToStream" name="test_pipe_to_large_data" time="0.002" /><testcase classname="test.test_java_util.TestPipeToStream" name="test_pipe_to_closed_reader" time="0.001" /><testcase classname="test.test_java_util.TestWrapPythonStream" name="test_basic_streaming" time="0.001" /><testcase classname="test.test_java_util.TestWrapPythonStream" name="test_large_data_streaming" time="0.128" /><testcase classname="test.test_java_util.TestWrapPythonStream" name="test_empty_stream" time="0.002" /><testcase classname="test.test_java_util.TestWrapPythonStream" name="test_binary_data" time="0.002" /><testcase classname="test.test_java_util.TestWrapPythonStream" name="test_stream_closes_properly" time="0.001" /><testcase classname="test.test_java_util.TestWrapPythonStream" name="test_partial_reads" time="0.001" /><testcase classname="test.test_java_util.TestWrapPythonStream" name="test_concurrent_access" time="0.129" /><testcase classname="test.test_java_util" name="test_creates_parent_directories" time="0.003" /><testcase classname="test.test_java_util" name="test_append_mode" time="0.002" /><testcase classname="test.test_java_util" name="test_str_path_handling" time="0.002" /><testcase classname="test.test_java_util" name="test_file_stream_handles_binary" time="0.002" /><testcase classname="test.test_parse" name="test_parse_to_string_input_types[string]" time="1.813" /><testcase classname="test.test_parse" name="test_parse_to_string_input_types[path]" time="0.642" /><testcase classname="test.test_parse" name="test_parse_to_string_input_types[bytes]" time="0.655" /><testcase classname="test.test_parse" name="test_parse_to_string_input_types[stream]" time="0.648" /><testcase classname="test.test_parse" name="test_parse_to_file_combinations[string-txt]" time="0.537" /><testcase classname="test.test_parse" name="test_parse_to_file_combinations[string-xhtml]" time="0.504" /><testcase classname="test.test_parse" name="test_parse_to_file_combinations[path-txt]" time="0.518" /><testcase classname="test.test_parse" name="test_parse_to_file_combinations[path-xhtml]" time="0.497" /><testcase classname="test.test_parse" name="test_parse_to_file_combinations[bytes-txt]" time="0.581" /><testcase classname="test.test_parse" name="test_parse_to_file_combinations[bytes-xhtml]" time="0.566" /><testcase classname="test.test_parse" name="test_parse_to_file_combinations[stream-txt]" time="0.534" /><testcase classname="test.test_parse" name="test_parse_to_file_combinations[stream-xhtml]" time="0.547" /><testcase classname="test.test_parse" name="test_parse_to_stream_with_content_type[None-string-txt]" time="0.485" /><testcase classname="test.test_parse" name="test_parse_to_stream_with_content_type[None-string-xhtml]" time="0.472" /><testcase classname="test.test_parse" name="test_parse_to_stream_with_content_type[None-path-txt]" time="0.481" /><testcase classname="test.test_parse" name="test_parse_to_stream_with_content_type[None-path-xhtml]" time="0.496" /><testcase classname="test.test_parse" name="test_parse_to_stream_with_content_type[None-bytes-txt]" time="0.505" /><testcase classname="test.test_parse" name="test_parse_to_stream_with_content_type[None-bytes-xhtml]" time="0.522" /><testcase classname="test.test_parse" name="test_parse_to_stream_with_content_type[None-stream-txt]" time="0.515" /><testcase classname="test.test_parse" name="test_parse_to_stream_with_content_type[None-stream-xhtml]" time="0.519" /><testcase classname="test.test_parse" name="test_parse_to_stream_with_content_type[application/vnd.openxmlformats-officedocument.wordprocessingml.document-string-txt]" time="0.475" /><testcase classname="test.test_parse" name="test_parse_to_stream_with_content_type[application/vnd.openxmlformats-officedocument.wordprocessingml.document-string-xhtml]" time="0.472" /><testcase classname="test.test_parse" name="test_parse_to_stream_with_content_type[application/vnd.openxmlformats-officedocument.wordprocessingml.document-path-txt]" time="0.464" /><testcase classname="test.test_parse" name="test_parse_to_stream_with_content_type[application/vnd.openxmlformats-officedocument.wordprocessingml.document-path-xhtml]" time="0.465" /><testcase classname="test.test_parse" name="test_parse_to_stream_with_content_type[application/vnd.openxmlformats-officedocument.wordprocessingml.document-bytes-txt]" time="0.516" /><testcase classname="test.test_parse" name="test_parse_to_stream_with_content_type[application/vnd.openxmlformats-officedocument.wordprocessingml.document-bytes-xhtml]" time="0.504" /><testcase classname="test.test_parse" name="test_parse_to_stream_with_content_type[application/vnd.openxmlformats-officedocument.wordprocessingml.document-stream-txt]" time="0.522" /><testcase classname="test.test_parse" name="test_parse_to_stream_with_content_type[application/vnd.openxmlformats-officedocument.wordprocessingml.document-stream-xhtml]" time="0.510" /><testcase classname="test.test_parse" name="test_parse_with_invalid_input" time="0.001" /><testcase classname="test.test_parse" name="test_parse_with_nonexistent_file" time="0.001" /><testcase classname="test.test_parse" name="test_parse_with_default_output_format[invalid]" time="0.472" /><testcase classname="test.test_parse" name="test_parse_with_default_output_format[pdf]" time="0.467" /><testcase classname="test.test_parse" name="test_parse_with_default_output_format[doc]" time="0.475" /><testcase classname="test.test_parse" name="test_parse_different_file_types[application/vnd.openxmlformats-officedocument.wordprocessingml.document-demo_docx]" time="0.476" /><testcase classname="test.test_parse" name="test_parse_different_file_types[application/pdf-test_pdf_child_attachments]" time="3.740" /><testcase classname="test.test_parse" name="test_parse_different_file_types[text/plain-basic_txt]" time="0.004" /><testcase classname="test.test_parse" name="test_parse_different_file_types[text/html-basic_html]" time="0.057" /><testcase classname="test.test_parse" name="test_parse_metadata_compare_with_tika_server[string-demo_docx-application/vnd.openxmlformats-officedocument.wordprocessingml.document-expected_missing0]" time="1.264" /><testcase classname="test.test_parse" name="test_parse_metadata_compare_with_tika_server[file-demo_docx-application/vnd.openxmlformats-officedocument.wordprocessingml.document-expected_missing1]" time="0.669" /><testcase classname="test.test_parse" name="test_parse_metadata_compare_with_tika_server[stream-demo_docx-application/vnd.openxmlformats-officedocument.wordprocessingml.document-expected_missing2]" time="0.665" /><testcase classname="test.test_parse" name="test_parse_metadata_compare_with_tika_server[string-test_pdf_child_attachments-application/pdf-expected_missing3]" time="4.643" /><testcase classname="test.test_parse" name="test_parse_metadata_compare_with_tika_server[file-test_pdf_child_attachments-application/pdf-expected_missing4]" time="2.659" /><testcase classname="test.test_parse" name="test_parse_metadata_compare_with_tika_server[stream-test_pdf_child_attachments-application/pdf-expected_missing5]" time="2.490" /><testcase classname="test.test_parse" name="test_parse_content_compare_with_tika_server[string]" time="0.668" /><testcase classname="test.test_parse" name="test_parse_content_compare_with_tika_server[path]" time="0.649" /><testcase classname="test.test_parse" name="test_parse_content_compare_with_tika_server[bytes]" time="0.666" /><testcase classname="test.test_parse" name="test_parse_content_compare_with_tika_server[stream]" time="0.659" /><testcase classname="test.test_parse" name="test_parse_custom_parser_and_detector[demo_docx-application/vnd.openxmlformats-officedocument.wordprocessingml.document-DefaultParser]" time="0.585" /><testcase classname="test.test_parse" name="test_parse_custom_parser_and_detector[readme-text/markdown-jdk.proxy]" time="0.052" /><testcase classname="test.test_parse" name="test_parse_all_valid_docs_no_errors[input_file_path0]" time="0.456" /><testcase classname="test.test_parse" name="test_parse_all_valid_docs_no_errors[input_file_path1]" time="1.208" /><testcase classname="test.test_parse" name="test_parse_all_valid_docs_no_errors[input_file_path2]" time="0.004" /><testcase classname="test.test_parse" name="test_parse_all_valid_docs_no_errors[input_file_path3]" time="0.199" /><testcase classname="test.test_parse" name="test_parse_all_valid_docs_no_errors[input_file_path4]" time="0.191" /><testcase classname="test.test_parse" name="test_parse_all_valid_docs_no_errors[input_file_path5]" time="0.020" /><testcase classname="test.test_parse" name="test_parse_all_valid_docs_no_errors[input_file_path6]" time="0.343" /><testcase classname="test.test_parse" name="test_parse_all_valid_docs_no_errors[input_file_path7]" time="0.485" /><testcase classname="test.test_parse" name="test_parse_all_valid_docs_no_errors[input_file_path8]" time="0.029" /><testcase classname="test.test_parse" name="test_parse_all_valid_docs_no_errors[input_file_path9]" time="0.016" /><testcase classname="test.test_parse" name="test_parse_all_valid_docs_no_errors[input_file_path10]" time="0.260" /><testcase classname="test.test_parse" name="test_parse_all_valid_docs_no_errors[input_file_path11]" time="0.013" /><testcase classname="test.test_parse" name="test_parse_all_valid_docs_no_errors[input_file_path12]" time="0.422" /><testcase classname="test.test_parse" name="test_parse_all_valid_docs_no_errors[input_file_path13]" time="0.106" /><testcase classname="test.test_parse" name="test_parse_all_valid_docs_no_errors[input_file_path14]" time="8.597" /><testcase classname="test.test_parse" name="test_parse_all_valid_docs_no_errors[input_file_path15]" time="0.133" /><testcase classname="test.test_parse" name="test_parse_all_valid_docs_no_errors[input_file_path16]" time="0.037" /><testcase classname="test.test_parse" name="test_parse_all_valid_docs_no_errors[input_file_path17]" time="0.006" /><testcase classname="test.test_parse" name="test_parse_all_valid_docs_no_errors[input_file_path18]" time="0.006" /><testcase classname="test.test_parse" name="test_parse_all_valid_docs_no_errors[input_file_path19]" time="5.597" /><testcase classname="test.test_parse" name="test_parse_all_valid_docs_no_errors[input_file_path20]" time="0.492" /><testcase classname="test.test_parse" name="test_parse_all_valid_docs_no_errors[input_file_path21]" time="2.147" /><testcase classname="test.test_parse" name="test_parse_all_valid_docs_no_errors[input_file_path22]" time="0.115" /><testcase classname="test.test_parse" name="test_parse_all_valid_docs_no_errors[input_file_path23]" time="0.010" /><testcase classname="test.test_parse" name="test_parse_all_valid_docs_no_errors[input_file_path24]" time="0.004" /><testcase classname="test.test_parse" name="test_parse_all_valid_docs_no_errors[input_file_path25]" time="0.004" /><testcase classname="test.test_parse" name="test_parse_all_valid_docs_no_errors[input_file_path26]" time="0.442" /><testcase classname="test.test_parse" name="test_parse_all_valid_docs_no_errors[input_file_path27]" time="0.912" /><testcase classname="test.test_parse" name="test_parse_all_valid_docs_no_errors[input_file_path28]" time="0.163" /><testcase classname="test.test_parse" name="test_parse_all_valid_docs_no_errors[input_file_path29]" time="0.403" /><testcase classname="test.test_parse" name="test_parse_all_invalid_docs_no_errors[input_file_path0]" time="0.036" /><testcase classname="test.test_parse" name="test_parse_ocr_docs[input_file_path0-3.75 miles-None]" time="0.443" /><testcase classname="test.test_parse" name="test_parse_ocr_docs[input_file_path1-Nasdaq &amp; AMEX-en]" time="0.913" /><testcase classname="test.test_parse" name="test_parse_ocr_docs[input_file_path2-chizah-None]" time="0.160" /><testcase classname="test.test_parse" name="test_parse_ocr_docs[input_file_path3-Saturdays at 8-en]" time="0.402" /><testcase classname="test.test_tika_util" name="test_metadata_to_dict" time="0.001" /><testcase classname="test.test_tika_util" name="test_language_confidence_enum" time="0.001" /><testcase classname="test.test_tika_util" name="test_tika_input_stream_with_path" time="0.002" /><testcase classname="test.test_tika_util" name="test_tika_input_stream_with_bytes" time="0.001" /><testcase classname="test.test_tika_util" name="test_tika_input_stream_with_binary_io" time="0.002" /><testcase classname="test.test_tika_util" name="test_tika_input_stream_invalid_input" time="0.001" /><testcase classname="test.test_tika_util.TestRecursiveEmbeddedDocumentExtractor" name="test_parse_embedded_basic" time="0.007" /><testcase classname="test.test_tika_util.TestRecursiveEmbeddedDocumentExtractor" name="test_parse_embedded_max_depth" time="0.003" /><testcase classname="test.test_tika_util.TestRecursiveEmbeddedDocumentExtractor" name="test_should_parse_embedded" time="0.003" /><testcase classname="test.test_unpack" name="test_unpack_with_embedded_files_input_filepath[test_recursive_embedded_docx-expected_embedded_file_names0-1]" time="0.090" /><testcase classname="test.test_unpack" name="test_unpack_with_embedded_files_input_filepath[test_recursive_embedded_docx-expected_embedded_file_names1-2]" time="0.064" /><testcase classname="test.test_unpack" name="test_unpack_with_embedded_files_input_filepath[demo_docx-expected_embedded_file_names2-1]" time="0.520" /><testcase classname="test.test_unpack" name="test_unpack_with_embedded_files_input_filepath[demo_docx-expected_embedded_file_names3-2]" time="0.525" /><testcase classname="test.test_unpack" name="test_unpack_with_embedded_files_input_filepath[basic_txt-expected_embedded_file_names4-1]" time="0.005" /><testcase classname="test.test_unpack" name="test_unpack_with_embedded_files_input_filepath[basic_txt-expected_embedded_file_names5-2]" time="0.004" /><testcase classname="test.test_unpack" name="test_unpack_with_embedded_files_input_stream[test_recursive_embedded_docx-expected_embedded_file_names0-1]" time="0.060" /><testcase classname="test.test_unpack" name="test_unpack_with_embedded_files_input_stream[test_recursive_embedded_docx-expected_embedded_file_names1-2]" time="0.063" /><testcase classname="test.test_unpack" name="test_unpack_with_embedded_files_input_stream[demo_docx-expected_embedded_file_names2-1]" time="0.590" /><testcase classname="test.test_unpack" name="test_unpack_with_embedded_files_input_stream[demo_docx-expected_embedded_file_names3-2]" time="0.554" /><testcase classname="test.test_unpack" name="test_unpack_with_embedded_files_input_stream[basic_txt-expected_embedded_file_names4-1]" time="0.005" /><testcase classname="test.test_unpack" name="test_unpack_with_embedded_files_input_stream[basic_txt-expected_embedded_file_names5-2]" time="0.004" /><testcase classname="test.test_unpack" name="test_unpack_nonexistent_file" time="0.003" /><testcase classname="test.test_unpack" name="test_unpack_compare_with_tika_server[test_recursive_embedded_docx-expected_embedded_file_names0]" time="0.229" /><testcase classname="test.test_unpack" name="test_unpack_compare_with_tika_server[demo_docx-expected_embedded_file_names1]" time="1.097" /></testsuite></testsuites>